// Jest Snapshot v1, https://goo.gl/fbAQLP

exports[`AccountsList should render correctly 1`] = `
<div>
  <h2
    class="text-lg font-bold pb-4"
  >
    accounts
  </h2>
  <div
    class="relative"
    data-testid="table-element"
  >
    <div
      class="absolute left-0 top-0 -z-10 h-full w-full rounded-lg bg-white drop-shadow-md dark:bg-black"
    />
    <table
      class="w-full text-left text-sm text-gray-500 dark:text-gray-400"
      data-testid="accounts-list-table"
    >
      <thead
        class="group/head text-xs uppercase text-gray-700 dark:text-gray-400"
      >
        <tr>
          <th
            class="bg-gray-50 px-6 py-3 group-first/head:first:rounded-tl-lg group-first/head:last:rounded-tr-lg dark:bg-gray-700"
          >
            account_name
          </th>
          <th
            class="bg-gray-50 px-6 py-3 group-first/head:first:rounded-tl-lg group-first/head:last:rounded-tr-lg dark:bg-gray-700 text-right"
          >
            actions
          </th>
        </tr>
      </thead>
      <tbody
        class="group/body"
      />
    </table>
  </div>
  <div
    class="flex flex-col items-center justify-center"
  >
    <nav
      class=""
    >
      <ul
        class="xs:mt-0 mt-2 inline-flex items-center -space-x-px"
      >
        <li>
          <button
            class="cursor-not-allowed opacity-50 ml-0 rounded-l-lg border border-gray-300 bg-white px-3 py-2 leading-tight text-gray-500 enabled:hover:bg-gray-100 enabled:hover:text-gray-700 dark:border-gray-700 dark:bg-gray-800 dark:text-gray-400 enabled:dark:hover:bg-gray-700 enabled:dark:hover:text-white inline-flex"
            disabled=""
            type="button"
          >
            <svg
              aria-hidden="true"
              class="h-5 w-5"
              fill="currentColor"
              height="1em"
              stroke="currentColor"
              stroke-width="0"
              viewBox="0 0 20 20"
              width="1em"
              xmlns="http://www.w3.org/2000/svg"
            >
              <path
                clip-rule="evenodd"
                d="M12.707 5.293a1 1 0 010 1.414L9.414 10l3.293 3.293a1 1 0 01-1.414 1.414l-4-4a1 1 0 010-1.414l4-4a1 1 0 011.414 0z"
                fill-rule="evenodd"
              />
            </svg>
            Previous
          </button>
        </li>
        <li>
          <button
            class="cursor-not-allowed opacity-50 rounded-r-lg border border-gray-300 bg-white px-3 py-2 leading-tight text-gray-500 enabled:hover:bg-gray-100 enabled:hover:text-gray-700 dark:border-gray-700 dark:bg-gray-800 dark:text-gray-400 enabled:dark:hover:bg-gray-700 enabled:dark:hover:text-white inline-flex"
            disabled=""
            type="button"
          >
            Next
            <svg
              aria-hidden="true"
              class="h-5 w-5"
              fill="currentColor"
              height="1em"
              stroke="currentColor"
              stroke-width="0"
              viewBox="0 0 20 20"
              width="1em"
              xmlns="http://www.w3.org/2000/svg"
            >
              <path
                clip-rule="evenodd"
                d="M7.293 14.707a1 1 0 010-1.414L10.586 10 7.293 6.707a1 1 0 011.414-1.414l4 4a1 1 0 010 1.414l-4 4a1 1 0 01-1.414 0z"
                fill-rule="evenodd"
              />
            </svg>
          </button>
        </li>
      </ul>
    </nav>
    <div>
      showing_accounts
       
      <span
        class="font-bold"
      >
        1
      </span>
       
      to
       
      <span
        class="font-bold"
      >
        5
      </span>
       
      out_of
       
      <span
        class="font-bold"
      >
        1
      </span>
       
      accountsLowercase
       
    </div>
    <div
      class="flex flex-row flex-nowrap gap-2 items-center"
    >
      <span>
        in_page
      </span>
      <div
        class="css-b62m3t-container"
      >
        <span
          class="css-1f43avz-a11yText-A11yText"
          id="react-select-2-live-region"
        />
        <span
          aria-atomic="false"
          aria-live="polite"
          aria-relevant="additions text"
          class="css-1f43avz-a11yText-A11yText"
          role="log"
        />
        <div
          class="css-13cymwt-control"
        >
          <div
            class="css-hlgwow"
          >
            <div
              class="css-1dimb5e-singleValue"
            >
              1
            </div>
            <input
              aria-activedescendant=""
              aria-autocomplete="list"
              aria-expanded="false"
              aria-haspopup="true"
              aria-readonly="true"
              class="css-1czm0f-dummyInput-DummyInput"
              id="react-select-2-input"
              inputmode="none"
              role="combobox"
              tabindex="0"
              value=""
            />
          </div>
          <div
            class="css-1wy0on6"
          >
            <span
              class="css-1u9des2-indicatorSeparator"
            />
            <div
              aria-hidden="true"
              class="css-1xc3v61-indicatorContainer"
            >
              <svg
                aria-hidden="true"
                class="css-tj5bde-Svg"
                focusable="false"
                height="20"
                viewBox="0 0 20 20"
                width="20"
              >
                <path
                  d="M4.516 7.548c0.436-0.446 1.043-0.481 1.576 0l3.908 3.747 3.908-3.747c0.533-0.481 1.141-0.446 1.574 0 0.436 0.445 0.408 1.197 0 1.615-0.406 0.418-4.695 4.502-4.695 4.502-0.217 0.223-0.502 0.335-0.787 0.335s-0.57-0.112-0.789-0.335c0 0-4.287-4.084-4.695-4.502s-0.436-1.17 0-1.615z"
                />
              </svg>
            </div>
          </div>
        </div>
      </div>
      <span>
        out_of
         
        <span
          class="font-bold"
        >
          1
        </span>
         
        pages
      </span>
    </div>
  </div>
</div>
`;
