// Jest Snapshot v1, https://goo.gl/fbAQLP

exports[`DefaultLayout should render 1`] = `
<div>
  <div
    class="Toastify"
  />
  <nav
    class="px-2 py-2.5 dark:border-gray-700 dark:bg-gray-800 sm:px-4 bg-neutral-50 border-b-neutral-200 border fixed top-0 w-full z-50"
  >
    <div
      class="mx-auto flex flex-wrap items-center justify-between container"
    >
      <a
        class="flex items-center"
        href="/"
      >
        <div
          class="flex flex-row flex-nowrap items-center"
        >
          <svg
            class="text-6xl rotate-[225deg] text-red-500"
            fill="none"
            height="1em"
            stroke="currentColor"
            stroke-linecap="round"
            stroke-linejoin="round"
            stroke-width="2"
            viewBox="0 0 24 24"
            width="1em"
            xmlns="http://www.w3.org/2000/svg"
          >
            <path
              d="M14 6a2 2 0 1 0 -4 0a2 2 0 0 0 4 0z"
            />
            <path
              d="M7 14a2 2 0 1 0 -4 0a2 2 0 0 0 4 0z"
            />
            <path
              d="M21 14a2 2 0 1 0 -4 0a2 2 0 0 0 4 0z"
            />
            <path
              d="M14 18a2 2 0 1 0 -4 0a2 2 0 0 0 4 0z"
            />
            <path
              d="M12 8v8"
            />
            <path
              d="M6.316 12.496l4.368 -4.992"
            />
            <path
              d="M17.684 12.496l-4.366 -4.99"
            />
          </svg>
          <div
            class="flex flex-row gap-8 ml-4 items-center"
          >
            <span
              class="text-6xl font-black text-red-700"
            >
              BLF/TMA
            </span>
            <div
              class="flex flex-col justify-start text-[0.81em] italic text-neutral-500"
            >
              <span
                class=""
              >
                Technical Maturity Assessments Management Application
              </span>
              <span
                class=""
              >
                Part of Wizeline's Business Logic Framework
              </span>
            </div>
          </div>
        </div>
      </a>
      <button
        class="inline-flex items-center rounded-lg p-2 text-sm text-gray-500 hover:bg-gray-100 focus:outline-none focus:ring-2 focus:ring-gray-200 dark:text-gray-400 dark:hover:bg-gray-700 dark:focus:ring-gray-600 md:hidden"
        data-testid="flowbite-navbar-toggle"
      >
        <span
          class="sr-only"
        >
          Open main menu
        </span>
        <svg
          aria-hidden="true"
          class="h-6 w-6 shrink-0"
          fill="currentColor"
          height="1em"
          stroke="currentColor"
          stroke-width="0"
          viewBox="0 0 448 512"
          width="1em"
          xmlns="http://www.w3.org/2000/svg"
        >
          <path
            d="M16 132h416c8.837 0 16-7.163 16-16V76c0-8.837-7.163-16-16-16H16C7.163 60 0 67.163 0 76v40c0 8.837 7.163 16 16 16zm0 160h416c8.837 0 16-7.163 16-16v-40c0-8.837-7.163-16-16-16H16c-8.837 0-16 7.163-16 16v40c0 8.837 7.163 16 16 16zm0 160h416c8.837 0 16-7.163 16-16v-40c0-8.837-7.163-16-16-16H16c-8.837 0-16 7.163-16 16v40c0 8.837 7.163 16 16 16z"
          />
        </svg>
      </button>
      <div
        class="w-full md:block md:w-auto hidden"
        data-testid="flowbite-navbar-collapse"
      >
        <ul
          class="mt-4 flex flex-col md:mt-0 md:flex-row md:space-x-8 md:text-sm md:font-medium"
        >
          <li>
            <a
              class="block py-2 pl-3 pr-4 md:p-0 text-base uppercase bg-cyan-700 text-white dark:text-white md:bg-transparent md:text-cyan-700"
              href="/public"
            >
              Home
            </a>
          </li>
          <li>
            <a
              class="block py-2 pl-3 pr-4 md:p-0 text-base uppercase border-b border-gray-100 text-gray-700 hover:bg-gray-50 dark:border-gray-700 dark:text-gray-400 dark:hover:bg-gray-700 dark:hover:text-white md:border-0 md:hover:bg-transparent md:hover:text-cyan-700 md:dark:hover:bg-transparent md:dark:hover:text-white"
              href="/accounts"
            >
              Accounts
            </a>
          </li>
          <li>
            <a
              class="block py-2 pl-3 pr-4 md:p-0 text-base uppercase border-b border-gray-100 text-gray-700 hover:bg-gray-50 dark:border-gray-700 dark:text-gray-400 dark:hover:bg-gray-700 dark:hover:text-white md:border-0 md:hover:bg-transparent md:hover:text-cyan-700 md:dark:hover:bg-transparent md:dark:hover:text-white"
              href="/projects"
            >
              Projects
            </a>
          </li>
        </ul>
      </div>
    </div>
  </nav>
  <div
    class="flex flex-row flex-nowrap gap-4"
  >
    <nav
      aria-label="Sidebar with logo branding example"
      class="h-full fixed left-0 w-[320px] border-r mt-[82px] pt-0"
    >
      <div
        class="h-full overflow-y-auto overflow-x-hidden rounded bg-gray-50 px-3 py-4 dark:bg-gray-800"
      >
        <a
          aria-labelledby="flowbite-sidebar-logo-:r0:"
          class="mb-5 flex items-center pl-2.5"
          href="#"
        >
          <img
            alt="Flowbite logo"
            class="mr-3 h-6 sm:h-7"
            src="/favicon.ico"
          />
          <span
            class="self-center whitespace-nowrap text-xl font-semibold dark:text-white"
            id="flowbite-sidebar-logo-:r0:"
          >
            Flowbite
          </span>
        </a>
        <div
          class=""
          data-testid="flowbite-sidebar-items"
        >
          <ul
            class="mt-4 space-y-2 border-t border-gray-200 pt-4 first:mt-0 first:border-t-0 first:pt-0 dark:border-gray-700"
            data-testid="flowbite-sidebar-item-group"
          >
            <li>
              <button
                class="group flex w-full items-center rounded-lg p-2 text-base font-normal text-gray-900 transition duration-75 hover:bg-gray-100 dark:text-white dark:hover:bg-gray-700"
                id="flowbite-sidebar-collapse-:r1:"
                title="Accounts"
                type="button"
              >
                <svg
                  aria-hidden="true"
                  class="h-6 w-6 transition duration-75 group-hover:text-gray-900 dark:text-gray-400 dark:group-hover:text-white text-gray-900"
                  data-testid="flowbite-sidebar-collapse-icon"
                  fill="currentColor"
                  height="1em"
                  stroke="currentColor"
                  stroke-width="0"
                  viewBox="0 0 24 24"
                  width="1em"
                  xmlns="http://www.w3.org/2000/svg"
                >
                  <path
                    d="M18.333 2c1.96 0 3.56 1.537 3.662 3.472l.005 .195v12.666c0 1.96 -1.537 3.56 -3.472 3.662l-.195 .005h-12.666a3.667 3.667 0 0 1 -3.662 -3.472l-.005 -.195v-12.666c0 -1.96 1.537 -3.56 3.472 -3.662l.195 -.005h12.666zm-10.333 9h-2l-.117 .007a1 1 0 0 0 .117 1.993h2l.117 -.007a1 1 0 0 0 -.117 -1.993zm4 -3h-6l-.117 .007a1 1 0 0 0 .117 1.993h6l.117 -.007a1 1 0 0 0 -.117 -1.993zm-2 -3h-4l-.117 .007a1 1 0 0 0 .117 1.993h4l.117 -.007a1 1 0 0 0 -.117 -1.993z"
                  />
                </svg>
                <span
                  class="ml-3 flex-1 whitespace-nowrap text-left"
                  data-testid="flowbite-sidebar-collapse-label"
                >
                  Accounts
                </span>
                <svg
                  aria-hidden="true"
                  class="h-6 w-6 transition delay-0 ease-in-out rotate-180"
                  fill="currentColor"
                  height="1em"
                  stroke="currentColor"
                  stroke-width="0"
                  viewBox="0 0 20 20"
                  width="1em"
                  xmlns="http://www.w3.org/2000/svg"
                >
                  <path
                    clip-rule="evenodd"
                    d="M5.293 7.293a1 1 0 011.414 0L10 10.586l3.293-3.293a1 1 0 111.414 1.414l-4 4a1 1 0 01-1.414 0l-4-4a1 1 0 010-1.414z"
                    fill-rule="evenodd"
                  />
                </svg>
              </button>
              <ul
                aria-labelledby="flowbite-sidebar-collapse-:r1:"
                class="space-y-2 py-2"
              >
                <li
                  class=""
                >
                  <a
                    aria-labelledby="flowbite-sidebar-item-:r2:"
                    class="flex items-center justify-center rounded-lg p-2 text-base font-normal text-gray-900 hover:bg-gray-100 dark:text-white dark:hover:bg-gray-700 group w-full pl-8 transition duration-75"
                    href="/accounts/list"
                  >
                    <svg
                      aria-hidden="true"
                      class="h-6 w-6 flex-shrink-0 text-gray-500 transition duration-75 group-hover:text-gray-900 dark:text-gray-400 dark:group-hover:text-white"
                      data-testid="flowbite-sidebar-item-icon"
                      fill="none"
                      height="1em"
                      stroke="currentColor"
                      stroke-linecap="round"
                      stroke-linejoin="round"
                      stroke-width="2"
                      viewBox="0 0 24 24"
                      width="1em"
                      xmlns="http://www.w3.org/2000/svg"
                    >
                      <path
                        d="M13 5h8"
                      />
                      <path
                        d="M13 9h5"
                      />
                      <path
                        d="M13 15h8"
                      />
                      <path
                        d="M13 19h5"
                      />
                      <path
                        d="M3 4m0 1a1 1 0 0 1 1 -1h4a1 1 0 0 1 1 1v4a1 1 0 0 1 -1 1h-4a1 1 0 0 1 -1 -1z"
                      />
                      <path
                        d="M3 14m0 1a1 1 0 0 1 1 -1h4a1 1 0 0 1 1 1v4a1 1 0 0 1 -1 1h-4a1 1 0 0 1 -1 -1z"
                      />
                    </svg>
                    <span
                      class="flex-1 whitespace-nowrap px-3"
                      data-testid="flowbite-sidebar-item-content"
                      id="flowbite-sidebar-item-:r2:"
                    >
                      List Accounts
                    </span>
                  </a>
                </li>
                <li
                  class=""
                >
                  <a
                    aria-labelledby="flowbite-sidebar-item-:r3:"
                    class="flex items-center justify-center rounded-lg p-2 text-base font-normal text-gray-900 hover:bg-gray-100 dark:text-white dark:hover:bg-gray-700 group w-full pl-8 transition duration-75"
                    href="/accounts/add"
                  >
                    <svg
                      aria-hidden="true"
                      class="h-6 w-6 flex-shrink-0 text-gray-500 transition duration-75 group-hover:text-gray-900 dark:text-gray-400 dark:group-hover:text-white"
                      data-testid="flowbite-sidebar-item-icon"
                      fill="none"
                      height="1em"
                      stroke="currentColor"
                      stroke-linecap="round"
                      stroke-linejoin="round"
                      stroke-width="2"
                      viewBox="0 0 24 24"
                      width="1em"
                      xmlns="http://www.w3.org/2000/svg"
                    >
                      <path
                        d="M4 4h6v6h-6zm10 0h6v6h-6zm-10 10h6v6h-6zm10 3h6m-3 -3v6"
                      />
                    </svg>
                    <span
                      class="flex-1 whitespace-nowrap px-3"
                      data-testid="flowbite-sidebar-item-content"
                      id="flowbite-sidebar-item-:r3:"
                    >
                      Add Account
                    </span>
                  </a>
                </li>
              </ul>
            </li>
          </ul>
        </div>
      </div>
    </nav>
    <main
      class="ml-[320px] mt-[82px] mb-[69px] w-full overflow-auto"
    >
      <p>
        Page Content
      </p>
    </main>
  </div>
  <footer
    class="rounded-lg bg-white shadow dark:bg-gray-800 md:flex md:items-center md:justify-between p-6 border-t fixed bottom-0 w-full"
    data-testid="flowbite-footer"
  >
    <div
      class="text-sm text-gray-500 dark:text-gray-400 sm:text-center"
      data-testid="flowbite-footer-copyright"
    >
      © 
      2024
      <a
        class="ml-1 hover:underline"
        href="#"
      >
        general.copyright
      </a>
    </div>
    <ul
      class="flex flex-wrap text-sm text-gray-500 dark:text-white"
      data-testid="footer-groupLink"
    >
      <li
        class="me-4 last:mr-0 md:mr-6"
      >
        <a
          class="hover:underline"
          href="/public"
        >
          Home
        </a>
      </li>
    </ul>
  </footer>
</div>
`;
